// Jest Snapshot v1, https://goo.gl/fbAQLP

exports[`mapOfEvents 1`] = `
Map {
  "evnt9" => Object {
    "beginDate": "2022-08-07",
    "capacity": 400,
    "city": "St.Peterbugr",
    "hasQuests": true,
    "id": "evnt9",
    "location": "Raining Forest Club",
    "locationLink": "https://google.com",
    "minPrice": 1200,
    "ownBalls": true,
    "owner": "It Is What It Is",
    "ownerLink": "https://google.com",
    "parties": "2",
    "private": false,
    "title": "Big Bears War",
  },
  "evnt10" => Object {
    "beginDate": "2022-08-10",
    "capacity": 30,
    "city": "Noginsk",
    "hasQuests": false,
    "id": "evnt10",
    "location": "Centrum Club",
    "locationLink": "https://google.com",
    "minPrice": 550,
    "ownBalls": false,
    "owner": "Peter",
    "ownerLink": "https://google.com",
    "parties": "2",
    "private": true,
    "title": "Game for all",
  },
}
`;
